=== [1/50] cand_chr21_050 (chr21:13834199-13934199) at 09:50:08 ===
  -> status=success elapsed=150s
=== [2/50] cand_chr21_165 (chr21:25334199-25434199) at 09:52:38 ===
  -> status=success elapsed=135s
=== [3/50] cand_chr21_238 (chr21:32634199-32734199) at 09:54:53 ===
  -> status=success elapsed=195s
=== [4/50] cand_chr21_162 (chr21:25034199-25134199) at 09:58:08 ===
  -> status=success elapsed=136s
=== [5/50] cand_chr21_204 (chr21:29234199-29334199) at 10:00:24 ===
  -> status=success elapsed=135s
=== [6/50] cand_chr21_283 (chr21:37134199-37234199) at 10:02:39 ===
  -> status=success elapsed=135s
=== [7/50] cand_chr21_366 (chr21:45634199-45734199) at 10:04:54 ===
  -> status=success elapsed=135s
=== [8/50] cand_chr21_256 (chr21:34434199-34534199) at 10:07:09 ===
  -> status=success elapsed=135s
=== [9/50] cand_chr21_270 (chr21:35834199-35934199) at 10:09:24 ===
  -> status=success elapsed=165s
=== [10/50] cand_chr21_090 (chr21:17834199-17934199) at 10:12:09 ===
  -> status=success elapsed=226s
=== [11/50] cand_chr21_174 (chr21:26234199-26334199) at 10:15:55 ===
  -> status=success elapsed=135s
=== [12/50] cand_chr21_123 (chr21:21134199-21234199) at 10:18:10 ===
  -> status=success elapsed=135s
=== [13/50] cand_chr21_210 (chr21:29834199-29934199) at 10:20:25 ===
  -> status=success elapsed=135s
=== [14/50] cand_chr21_163 (chr21:25134199-25234199) at 10:22:40 ===
  -> status=success elapsed=135s
=== [15/50] cand_chr21_127 (chr21:21534199-21634199) at 10:24:55 ===
  -> status=success elapsed=136s
=== [16/50] cand_chr21_047 (chr21:13534199-13634199) at 10:27:11 ===
  -> status=success elapsed=135s
=== [17/50] cand_chr21_093 (chr21:18134199-18234199) at 10:29:26 ===
  -> status=success elapsed=255s
=== [18/50] cand_chr21_184 (chr21:27234199-27334199) at 10:33:41 ===
  -> status=success elapsed=135s
=== [19/50] cand_chr21_096 (chr21:18434199-18534199) at 10:35:56 ===
  -> status=success elapsed=135s
=== [20/50] cand_chr21_157 (chr21:24534199-24634199) at 10:38:11 ===
  -> status=success elapsed=136s
=== [21/50] cand_chr21_043 (chr21:13134199-13234199) at 10:40:27 ===
  -> status=success elapsed=150s
=== [22/50] cand_chr21_246 (chr21:33434199-33534199) at 10:42:57 ===
  -> status=success elapsed=135s
=== [23/50] cand_chr21_352 (chr21:44234199-44334199) at 10:45:12 ===
  -> status=success elapsed=135s
=== [24/50] cand_chr21_106 (chr21:19434199-19534199) at 10:47:27 ===
  -> status=success elapsed=135s
=== [25/50] cand_chr21_061 (chr21:14934199-15034199) at 10:49:42 ===
  -> status=success elapsed=1456s
=== [26/50] cand_chr21_263 (chr21:35134199-35234199) at 11:13:58 ===
  -> status=success elapsed=135s
=== [27/50] cand_chr21_177 (chr21:26534199-26634199) at 11:16:13 ===
  -> status=success elapsed=150s
=== [28/50] cand_chr21_294 (chr21:38234199-38334199) at 11:18:43 ===
  -> status=success elapsed=180s
=== [29/50] cand_chr21_071 (chr21:15934199-16034199) at 11:21:44 ===
  -> status=success elapsed=150s
=== [30/50] cand_chr21_191 (chr21:27934199-28034199) at 11:24:14 ===
  -> status=success elapsed=150s
=== [31/50] cand_chr21_137 (chr21:22534199-22634199) at 11:26:44 ===
  -> status=success elapsed=180s
=== [32/50] cand_chr21_332 (chr21:42034199-42134199) at 11:29:44 ===
  -> status=success elapsed=150s
=== [33/50] cand_chr21_237 (chr21:32534199-32634199) at 11:32:14 ===
  -> status=success elapsed=150s
=== [34/50] cand_chr21_287 (chr21:37534199-37634199) at 11:34:44 ===
  -> status=success elapsed=150s
=== [35/50] cand_chr21_116 (chr21:20434199-20534199) at 11:37:14 ===
  -> status=success elapsed=181s
=== [36/50] cand_chr21_000 (chr21:5034199-5134199) at 11:40:15 ===
TIMEOUT: cand_chr21_000 exceeded 1800s, killing
scripts/shell/run_full_pipeline_final_n50.sh: line 186: 16382 Killed: 9               run_one_region "${region_id}" "${chrom}" "${start}" "${end}"
  -> status=timeout_or_crash elapsed=1801s
=== [37/50] cand_chr21_138 (chr21:22634199-22734199) at 12:10:16 ===
  -> status=success elapsed=150s
=== [38/50] cand_chr21_088 (chr21:17634199-17734199) at 12:12:46 ===
  -> status=success elapsed=285s
=== [39/50] cand_chr21_192 (chr21:28034199-28134199) at 12:17:31 ===
  -> status=success elapsed=150s
=== [40/50] cand_chr21_243 (chr21:33134199-33234199) at 12:20:02 ===
  -> status=success elapsed=150s
=== [41/50] cand_chr21_052 (chr21:14034199-14134199) at 12:22:32 ===
  -> status=success elapsed=150s
=== [42/50] cand_chr21_358 (chr21:44834199-44934199) at 12:25:02 ===
  -> status=success elapsed=150s
=== [43/50] cand_chr21_145 (chr21:23334199-23434199) at 12:27:32 ===
  -> status=success elapsed=451s
=== [44/50] cand_chr21_330 (chr21:41834199-41934199) at 12:35:03 ===
  -> status=success elapsed=165s
=== [45/50] cand_chr21_046 (chr21:13434199-13534199) at 12:37:48 ===
TIMEOUT: cand_chr21_046 exceeded 1800s, killing
scripts/shell/run_full_pipeline_final_n50.sh: line 186: 20042 Killed: 9               run_one_region "${region_id}" "${chrom}" "${start}" "${end}"
  -> status=timeout_or_crash elapsed=1801s
=== [46/50] cand_chr21_244 (chr21:33234199-33334199) at 13:07:49 ===
TIMEOUT: cand_chr21_244 exceeded 1800s, killing
scripts/shell/run_full_pipeline_final_n50.sh: line 186: 21603 Killed: 9               run_one_region "${region_id}" "${chrom}" "${start}" "${end}"
  -> status=timeout_or_crash elapsed=1802s
=== [47/50] cand_chr21_195 (chr21:28334199-28434199) at 13:37:51 ===
  -> status=success elapsed=180s
=== [48/50] cand_chr21_313 (chr21:40134199-40234199) at 13:40:51 ===
TIMEOUT: cand_chr21_313 exceeded 1800s, killing
scripts/shell/run_full_pipeline_final_n50.sh: line 186: 23415 Killed: 9               run_one_region "${region_id}" "${chrom}" "${start}" "${end}"
  -> status=timeout_or_crash elapsed=1802s
=== [49/50] cand_chr21_081 (chr21:16934199-17034199) at 14:10:53 ===
  -> status=success elapsed=165s
=== [50/50] cand_chr21_347 (chr21:43734199-43834199) at 14:13:38 ===
  -> status=success elapsed=1531s
=== n50_final batch complete ===
