Cloning into 'vg'...
Submodule 'vgteam_bbhash' (https://github.com/vgteam/BBHash.git) registered for path 'deps/BBHash'
Submodule 'deps/DYNAMIC' (https://github.com/vgteam/DYNAMIC) registered for path 'deps/DYNAMIC'
Submodule 'deps/FlameGraph' (https://github.com/brendangregg/FlameGraph) registered for path 'deps/FlameGraph'
Submodule 'deps/GFAz' (https://github.com/babyplutokurt/GFAz.git) registered for path 'deps/GFAz'
Submodule 'deps/atomic_queue' (https://github.com/max0x7ba/atomic_queue.git) registered for path 'deps/atomic_queue'
Submodule 'deps/backward-cpp' (https://github.com/adamnovak/backward-cpp.git) registered for path 'deps/backward-cpp'
Submodule 'bash-tap' (https://github.com/illusori/bash-tap.git) registered for path 'deps/bash-tap'
Submodule 'deps/cairo' (https://gitlab.freedesktop.org/cairo/cairo.git) registered for path 'deps/cairo'
Submodule 'deps/dozeu' (https://github.com/vgteam/dozeu.git) registered for path 'deps/dozeu'
Submodule 'deps/elfutils' (https://github.com/vgteam/elfutils.git) registered for path 'deps/elfutils'
Submodule 'deps/gbwt' (https://github.com/jltsiren/gbwt.git) registered for path 'deps/gbwt'
Submodule 'deps/gbwtgraph' (https://github.com/jltsiren/gbwtgraph.git) registered for path 'deps/gbwtgraph'
Submodule 'gcsa2' (https://github.com/jltsiren/gcsa2.git) registered for path 'deps/gcsa2'
Submodule 'gssw' (https://github.com/vgteam/gssw.git) registered for path 'deps/gssw'
Submodule 'deps/htslib' (https://github.com/samtools/htslib.git) registered for path 'deps/htslib'
Submodule 'deps/ips4o' (https://github.com/vgteam/ips4o.git) registered for path 'deps/ips4o'
Submodule 'deps/jemalloc' (https://github.com/jemalloc/jemalloc.git) registered for path 'deps/jemalloc'
Submodule 'deps/kff-cpp-api' (https://github.com/Kmer-File-Format/kff-cpp-api.git) registered for path 'deps/kff-cpp-api'
Submodule 'deps/libbdsg' (https://github.com/vgteam/libbdsg.git) registered for path 'deps/libbdsg'
Submodule 'deps/libdeflate' (https://github.com/ebiggers/libdeflate.git) registered for path 'deps/libdeflate'
Submodule 'deps/libhandlegraph' (https://github.com/vgteam/libhandlegraph.git) registered for path 'deps/libhandlegraph'
Submodule 'deps/libvgio' (https://github.com/vgteam/libvgio.git) registered for path 'deps/libvgio'
Submodule 'lru_cache' (https://github.com/ekg/lru_cache.git) registered for path 'deps/lru_cache'
Submodule 'deps/mimalloc' (https://github.com/microsoft/mimalloc.git) registered for path 'deps/mimalloc'
Submodule 'deps/mio' (https://github.com/mandreyel/mio.git) registered for path 'deps/mio'
Submodule 'deps/mmmultimap' (https://github.com/ekg/mmmultimap.git) registered for path 'deps/mmmultimap'
Submodule 'deps/pinchesAndCacti' (https://github.com/benedictpaten/pinchesAndCacti.git) registered for path 'deps/pinchesAndCacti'
Submodule 'deps/pixman' (https://gitlab.freedesktop.org/pixman/pixman.git) registered for path 'deps/pixman'
Submodule 'progress_bar' (https://github.com/vgteam/cpp_progress_bar.git) registered for path 'deps/progress_bar'
Submodule 'deps/raptor' (https://github.com/vgteam/raptor.git) registered for path 'deps/raptor'
Submodule 'sdsl-lite' (https://github.com/vgteam/sdsl-lite.git) registered for path 'deps/sdsl-lite'
Submodule 'sha1' (https://github.com/vog/sha1.git) registered for path 'deps/sha1'
Submodule 'deps/sonLib' (https://github.com/benedictpaten/sonLib.git) registered for path 'deps/sonLib'
Submodule 'deps/sparsehash' (https://github.com/sparsehash/sparsehash.git) registered for path 'deps/sparsehash'
Submodule 'deps/sparsepp' (https://github.com/greg7mdp/sparsepp.git) registered for path 'deps/sparsepp'
Submodule 'deps/Complete-Striped-Smith-Waterman-Library' (https://github.com/vgteam/Complete-Striped-Smith-Waterman-Library.git) registered for path 'deps/ssw'
Submodule 'deps/structures' (https://github.com/vgteam/structures.git) registered for path 'deps/structures'
Submodule 'deps/sublinear-Li-Stephens' (https://github.com/yoheirosen/sublinear-Li-Stephens.git) registered for path 'deps/sublinear-Li-Stephens'
Submodule 'deps/tabixpp' (https://github.com/ekg/tabixpp.git) registered for path 'deps/tabixpp'
Submodule 'vcflib' (https://github.com/vgteam/vcflib.git) registered for path 'deps/vcflib'
Submodule 'deps/xg' (https://github.com/vgteam/xg.git) registered for path 'deps/xg'
Submodule 'doc/wiki' (https://github.com/vgteam/vg.wiki.git) registered for path 'doc/wiki'
Submodule 'src/simde' (https://github.com/nemequ/simde-no-tests) registered for path 'src/simde'
Cloning into '/Users/kazumichi/Downloads/BioHack26/PGGB_short_reads_mapping/software/vg/deps/BBHash'...
Cloning into '/Users/kazumichi/Downloads/BioHack26/PGGB_short_reads_mapping/software/vg/deps/DYNAMIC'...
Cloning into '/Users/kazumichi/Downloads/BioHack26/PGGB_short_reads_mapping/software/vg/deps/FlameGraph'...
Cloning into '/Users/kazumichi/Downloads/BioHack26/PGGB_short_reads_mapping/software/vg/deps/GFAz'...
Cloning into '/Users/kazumichi/Downloads/BioHack26/PGGB_short_reads_mapping/software/vg/deps/atomic_queue'...
Cloning into '/Users/kazumichi/Downloads/BioHack26/PGGB_short_reads_mapping/software/vg/deps/backward-cpp'...
Cloning into '/Users/kazumichi/Downloads/BioHack26/PGGB_short_reads_mapping/software/vg/deps/bash-tap'...
Cloning into '/Users/kazumichi/Downloads/BioHack26/PGGB_short_reads_mapping/software/vg/deps/cairo'...
Cloning into '/Users/kazumichi/Downloads/BioHack26/PGGB_short_reads_mapping/software/vg/deps/dozeu'...
Cloning into '/Users/kazumichi/Downloads/BioHack26/PGGB_short_reads_mapping/software/vg/deps/elfutils'...
Cloning into '/Users/kazumichi/Downloads/BioHack26/PGGB_short_reads_mapping/software/vg/deps/gbwt'...
Cloning into '/Users/kazumichi/Downloads/BioHack26/PGGB_short_reads_mapping/software/vg/deps/gbwtgraph'...
Cloning into '/Users/kazumichi/Downloads/BioHack26/PGGB_short_reads_mapping/software/vg/deps/gcsa2'...
Cloning into '/Users/kazumichi/Downloads/BioHack26/PGGB_short_reads_mapping/software/vg/deps/gssw'...
Cloning into '/Users/kazumichi/Downloads/BioHack26/PGGB_short_reads_mapping/software/vg/deps/htslib'...
Cloning into '/Users/kazumichi/Downloads/BioHack26/PGGB_short_reads_mapping/software/vg/deps/ips4o'...
Cloning into '/Users/kazumichi/Downloads/BioHack26/PGGB_short_reads_mapping/software/vg/deps/jemalloc'...
Cloning into '/Users/kazumichi/Downloads/BioHack26/PGGB_short_reads_mapping/software/vg/deps/kff-cpp-api'...
Cloning into '/Users/kazumichi/Downloads/BioHack26/PGGB_short_reads_mapping/software/vg/deps/libbdsg'...
Cloning into '/Users/kazumichi/Downloads/BioHack26/PGGB_short_reads_mapping/software/vg/deps/libdeflate'...
Cloning into '/Users/kazumichi/Downloads/BioHack26/PGGB_short_reads_mapping/software/vg/deps/libhandlegraph'...
Cloning into '/Users/kazumichi/Downloads/BioHack26/PGGB_short_reads_mapping/software/vg/deps/libvgio'...
Cloning into '/Users/kazumichi/Downloads/BioHack26/PGGB_short_reads_mapping/software/vg/deps/lru_cache'...
Cloning into '/Users/kazumichi/Downloads/BioHack26/PGGB_short_reads_mapping/software/vg/deps/mimalloc'...
Cloning into '/Users/kazumichi/Downloads/BioHack26/PGGB_short_reads_mapping/software/vg/deps/mio'...
Cloning into '/Users/kazumichi/Downloads/BioHack26/PGGB_short_reads_mapping/software/vg/deps/mmmultimap'...
Cloning into '/Users/kazumichi/Downloads/BioHack26/PGGB_short_reads_mapping/software/vg/deps/pinchesAndCacti'...
Cloning into '/Users/kazumichi/Downloads/BioHack26/PGGB_short_reads_mapping/software/vg/deps/pixman'...
Cloning into '/Users/kazumichi/Downloads/BioHack26/PGGB_short_reads_mapping/software/vg/deps/progress_bar'...
Cloning into '/Users/kazumichi/Downloads/BioHack26/PGGB_short_reads_mapping/software/vg/deps/raptor'...
Cloning into '/Users/kazumichi/Downloads/BioHack26/PGGB_short_reads_mapping/software/vg/deps/sdsl-lite'...
Cloning into '/Users/kazumichi/Downloads/BioHack26/PGGB_short_reads_mapping/software/vg/deps/sha1'...
Cloning into '/Users/kazumichi/Downloads/BioHack26/PGGB_short_reads_mapping/software/vg/deps/sonLib'...
Cloning into '/Users/kazumichi/Downloads/BioHack26/PGGB_short_reads_mapping/software/vg/deps/sparsehash'...
Cloning into '/Users/kazumichi/Downloads/BioHack26/PGGB_short_reads_mapping/software/vg/deps/sparsepp'...
Cloning into '/Users/kazumichi/Downloads/BioHack26/PGGB_short_reads_mapping/software/vg/deps/ssw'...
Cloning into '/Users/kazumichi/Downloads/BioHack26/PGGB_short_reads_mapping/software/vg/deps/structures'...
Cloning into '/Users/kazumichi/Downloads/BioHack26/PGGB_short_reads_mapping/software/vg/deps/sublinear-Li-Stephens'...
Cloning into '/Users/kazumichi/Downloads/BioHack26/PGGB_short_reads_mapping/software/vg/deps/tabixpp'...
Cloning into '/Users/kazumichi/Downloads/BioHack26/PGGB_short_reads_mapping/software/vg/deps/vcflib'...
Cloning into '/Users/kazumichi/Downloads/BioHack26/PGGB_short_reads_mapping/software/vg/deps/xg'...
Cloning into '/Users/kazumichi/Downloads/BioHack26/PGGB_short_reads_mapping/software/vg/doc/wiki'...
Cloning into '/Users/kazumichi/Downloads/BioHack26/PGGB_short_reads_mapping/software/vg/src/simde'...
Submodule path 'deps/BBHash': checked out 'a95f8230829913d89cdf7222cab35580a192e009'
Submodule path 'deps/DYNAMIC': checked out '095dc9dba0e9a775cbf2cea1cefc0896ce3217a2'
Submodule 'deps/hopscotch_map' (https://github.com/Tessil/hopscotch-map.git) registered for path 'deps/DYNAMIC/deps/hopscotch_map'
Cloning into '/Users/kazumichi/Downloads/BioHack26/PGGB_short_reads_mapping/software/vg/deps/DYNAMIC/deps/hopscotch_map'...
Submodule path 'deps/DYNAMIC/deps/hopscotch_map': checked out '848374746a50b3ebebe656611d554cb134e9aeef'
Submodule path 'deps/FlameGraph': checked out '1b1c6deede9c33c5134c920bdb7a44cc5528e9a7'
Submodule path 'deps/GFAz': checked out 'a779523f7ce03ee5dcb8a9d6456e09a3aa2e8a2c'
Submodule 'extern/cuCollections' (https://github.com/NVIDIA/cuCollections.git) registered for path 'deps/GFAz/extern/cuCollections'
Submodule 'extern/fse' (https://github.com/Cyan4973/FiniteStateEntropy.git) registered for path 'deps/GFAz/extern/fse'
Submodule 'extern/pybind11' (https://github.com/pybind/pybind11.git) registered for path 'deps/GFAz/extern/pybind11'
Submodule 'extern/zstd' (https://github.com/facebook/zstd.git) registered for path 'deps/GFAz/extern/zstd'
Cloning into '/Users/kazumichi/Downloads/BioHack26/PGGB_short_reads_mapping/software/vg/deps/GFAz/extern/cuCollections'...
Cloning into '/Users/kazumichi/Downloads/BioHack26/PGGB_short_reads_mapping/software/vg/deps/GFAz/extern/fse'...
Cloning into '/Users/kazumichi/Downloads/BioHack26/PGGB_short_reads_mapping/software/vg/deps/GFAz/extern/pybind11'...
Cloning into '/Users/kazumichi/Downloads/BioHack26/PGGB_short_reads_mapping/software/vg/deps/GFAz/extern/zstd'...
Submodule path 'deps/GFAz/extern/cuCollections': checked out 'd3701ae8e7f2a08f25f9713e182692b4ca544112'
Submodule path 'deps/GFAz/extern/fse': checked out '9f30e0918f87bd835fa040d922a208d7b219e50b'
Submodule path 'deps/GFAz/extern/pybind11': checked out 'e6984c805ec09c0e5f826e3081a32f322a6bfe63'
Submodule path 'deps/GFAz/extern/zstd': checked out 'ae9f20ca2716f2605822ca375995b7d876389b64'
Submodule path 'deps/atomic_queue': checked out 'ea3c9a6f90522f6807e9751c7a5eb1b929fd60ed'
Submodule path 'deps/backward-cpp': checked out '3bb9240cb15459768adb3e7d963a20e1523a6294'
Submodule path 'deps/bash-tap': checked out 'c38fbfa401600cc81ccda66bfc0da3ea56288d03'
Submodule path 'deps/cairo': checked out '8e3ac5e404f45b92ea186ad7a776b5e5160f38ac'
Submodule path 'deps/dozeu': checked out 'd0e9ba6c0833975a9745da0ebb59252836593bd7'
Submodule 'simde' (https://github.com/nemequ/simde-no-tests) registered for path 'deps/dozeu/simde'
Cloning into '/Users/kazumichi/Downloads/BioHack26/PGGB_short_reads_mapping/software/vg/deps/dozeu/simde'...
Submodule path 'deps/dozeu/simde': checked out '3a4c5bbc84320d846b35944a0b022b67b386413b'
Submodule path 'deps/elfutils': checked out '302252356da5475670ac5b10dadd091c59689425'
Submodule path 'deps/gbwt': checked out '625bd09ffadd8a633524b60e1af7c7b6eea65d0c'
Submodule path 'deps/gbwtgraph': checked out '7fac0af212b0502d40cca3d2b2c3a5fd7d85c540'
Submodule path 'deps/gcsa2': checked out '1cb4a580e1a5983c08c99c370afb166a686efe20'
Submodule path 'deps/gssw': checked out '14b4d43736bb606c3fc97c4724d1959d13550d37'
Submodule 'src/simde' (https://github.com/nemequ/simde-no-tests) registered for path 'deps/gssw/src/simde'
Cloning into '/Users/kazumichi/Downloads/BioHack26/PGGB_short_reads_mapping/software/vg/deps/gssw/src/simde'...
Submodule path 'deps/gssw/src/simde': checked out '3a4c5bbc84320d846b35944a0b022b67b386413b'
Submodule path 'deps/htslib': checked out '3cfe87690d047c06ec0d29a859c930b635a42e96'
Submodule 'htscodecs' (https://github.com/samtools/htscodecs.git) registered for path 'deps/htslib/htscodecs'
Cloning into '/Users/kazumichi/Downloads/BioHack26/PGGB_short_reads_mapping/software/vg/deps/htslib/htscodecs'...
Submodule path 'deps/htslib/htscodecs': checked out 'ffda7310c4b3292955561d6c3b1743cb82bfe26b'
Submodule path 'deps/ips4o': checked out '22069381cc1bf2df07ee1ff47f6b6073fcfb4508'
Submodule path 'deps/jemalloc': checked out '041145c272711b55f91aa42128b108674a12fd91'
Submodule path 'deps/kff-cpp-api': checked out '469ecbd861ae811360b866d452354af4f8f4033d'
Submodule path 'deps/libbdsg': checked out '41344c99e0de4b4a93bd94c76e400332a20feecd'
Submodule 'deps/BBHash' (https://github.com/vgteam/BBHash.git) registered for path 'deps/libbdsg/bdsg/deps/BBHash'
Submodule 'deps/DYNAMIC' (https://github.com/vgteam/DYNAMIC.git) registered for path 'deps/libbdsg/bdsg/deps/DYNAMIC'
Submodule 'deps/hopscotch-map' (https://github.com/Tessil/hopscotch-map.git) registered for path 'deps/libbdsg/bdsg/deps/hopscotch-map'
Submodule 'deps/libhandlegraph' (https://github.com/vgteam/libhandlegraph.git) registered for path 'deps/libbdsg/bdsg/deps/libhandlegraph'
Submodule 'bdsg/deps/mio' (https://github.com/mandreyel/mio.git) registered for path 'deps/libbdsg/bdsg/deps/mio'
Submodule 'deps/pybind11' (https://github.com/pybind/pybind11.git) registered for path 'deps/libbdsg/bdsg/deps/pybind11'
Submodule 'deps/sdsl-lite' (https://github.com/vgteam/sdsl-lite.git) registered for path 'deps/libbdsg/bdsg/deps/sdsl-lite'
Submodule 'deps/sparsepp' (https://github.com/greg7mdp/sparsepp.git) registered for path 'deps/libbdsg/bdsg/deps/sparsepp'
Cloning into '/Users/kazumichi/Downloads/BioHack26/PGGB_short_reads_mapping/software/vg/deps/libbdsg/bdsg/deps/BBHash'...
Cloning into '/Users/kazumichi/Downloads/BioHack26/PGGB_short_reads_mapping/software/vg/deps/libbdsg/bdsg/deps/DYNAMIC'...
Cloning into '/Users/kazumichi/Downloads/BioHack26/PGGB_short_reads_mapping/software/vg/deps/libbdsg/bdsg/deps/hopscotch-map'...
Cloning into '/Users/kazumichi/Downloads/BioHack26/PGGB_short_reads_mapping/software/vg/deps/libbdsg/bdsg/deps/libhandlegraph'...
Cloning into '/Users/kazumichi/Downloads/BioHack26/PGGB_short_reads_mapping/software/vg/deps/libbdsg/bdsg/deps/mio'...
Cloning into '/Users/kazumichi/Downloads/BioHack26/PGGB_short_reads_mapping/software/vg/deps/libbdsg/bdsg/deps/pybind11'...
Cloning into '/Users/kazumichi/Downloads/BioHack26/PGGB_short_reads_mapping/software/vg/deps/libbdsg/bdsg/deps/sdsl-lite'...
Cloning into '/Users/kazumichi/Downloads/BioHack26/PGGB_short_reads_mapping/software/vg/deps/libbdsg/bdsg/deps/sparsepp'...
Submodule path 'deps/libbdsg/bdsg/deps/BBHash': checked out 'a95f8230829913d89cdf7222cab35580a192e009'
Submodule path 'deps/libbdsg/bdsg/deps/DYNAMIC': checked out '6c1f69c3edec462e9f6e94c34e90db3e501bf914'
Submodule 'deps/hopscotch_map' (https://github.com/Tessil/hopscotch-map.git) registered for path 'deps/libbdsg/bdsg/deps/DYNAMIC/deps/hopscotch_map'
Cloning into '/Users/kazumichi/Downloads/BioHack26/PGGB_short_reads_mapping/software/vg/deps/libbdsg/bdsg/deps/DYNAMIC/deps/hopscotch_map'...
Submodule path 'deps/libbdsg/bdsg/deps/DYNAMIC/deps/hopscotch_map': checked out '848374746a50b3ebebe656611d554cb134e9aeef'
Submodule path 'deps/libbdsg/bdsg/deps/hopscotch-map': checked out '799f43600f9ca65a3045decbc7571b5522fa21b7'
Submodule path 'deps/libbdsg/bdsg/deps/libhandlegraph': checked out 'ec2da41d955e30366b6366b8760fd8646e2c0000'
Submodule path 'deps/libbdsg/bdsg/deps/mio': checked out '3f86a95c0784d73ce6815237ec33ed25f233b643'
Submodule path 'deps/libbdsg/bdsg/deps/pybind11': checked out 'f5fbe867d2d26e4a0a9177a51f6e568868ad3dc8'
Submodule path 'deps/libbdsg/bdsg/deps/sdsl-lite': checked out '30feec1a1cf070df83bce7d880c2283ded96ae40'
Submodule 'external/googletest' (https://github.com/google/googletest.git) registered for path 'deps/libbdsg/bdsg/deps/sdsl-lite/external/googletest'
Submodule 'external/libdivsufsort' (https://github.com/simongog/libdivsufsort.git) registered for path 'deps/libbdsg/bdsg/deps/sdsl-lite/external/libdivsufsort'
Cloning into '/Users/kazumichi/Downloads/BioHack26/PGGB_short_reads_mapping/software/vg/deps/libbdsg/bdsg/deps/sdsl-lite/external/googletest'...
Cloning into '/Users/kazumichi/Downloads/BioHack26/PGGB_short_reads_mapping/software/vg/deps/libbdsg/bdsg/deps/sdsl-lite/external/libdivsufsort'...
Submodule path 'deps/libbdsg/bdsg/deps/sdsl-lite/external/googletest': checked out '71815bbf7de6e10c11821d654a2fae2cf42de0f7'
From https://github.com/simongog/libdivsufsort
 * branch            24f3c4295f9df38730e122353c3fbc6daf46df27 -> FETCH_HEAD
Submodule path 'deps/libbdsg/bdsg/deps/sdsl-lite/external/libdivsufsort': checked out '24f3c4295f9df38730e122353c3fbc6daf46df27'
Submodule path 'deps/libbdsg/bdsg/deps/sparsepp': checked out 'ca957680cfbd3c5f76dadcac8a660e31ba0b18f3'
Submodule path 'deps/libdeflate': checked out '2b6689d8aa30175712a1e697adeac884fc3720dc'
Submodule path 'deps/libhandlegraph': checked out '07fd981f0f43e9d4d8aa61a84169a9eeda69152a'
Submodule path 'deps/libvgio': checked out '3882656119a0d39732d41d6261e537265659fa87'
Submodule 'deps/libhandlegraph' (https://github.com/vgteam/libhandlegraph.git) registered for path 'deps/libvgio/deps/libhandlegraph'
Cloning into '/Users/kazumichi/Downloads/BioHack26/PGGB_short_reads_mapping/software/vg/deps/libvgio/deps/libhandlegraph'...
Submodule path 'deps/libvgio/deps/libhandlegraph': checked out 'ec2da41d955e30366b6366b8760fd8646e2c0000'
Submodule path 'deps/lru_cache': checked out '98c5eacfb2bf60debd2f9c3a3faf814e8821458c'
Submodule path 'deps/mimalloc': checked out '639b73ecf9608d9c3078cb9dee5b7c2f46639828'
Submodule path 'deps/mio': checked out '3f86a95c0784d73ce6815237ec33ed25f233b643'
Submodule path 'deps/mmmultimap': checked out 'd8fb6c995d3d9dc5e5844c5f72d1e7d32163fd0a'
Submodule 'deps/DYNAMIC' (https://github.com/vgteam/DYNAMIC.git) registered for path 'deps/mmmultimap/deps/DYNAMIC'
Submodule 'deps/args' (https://github.com/Taywee/args.git) registered for path 'deps/mmmultimap/deps/args'
Submodule 'deps/atomic_queue' (https://github.com/max0x7ba/atomic_queue.git) registered for path 'deps/mmmultimap/deps/atomic_queue'
Submodule 'deps/hopscotch-map' (https://github.com/Tessil/hopscotch-map.git) registered for path 'deps/mmmultimap/deps/hopscotch-map'
Submodule 'deps/ips4o' (https://github.com/ips4o/ips4o.git) registered for path 'deps/mmmultimap/deps/ips4o'
Submodule 'deps/mio' (https://github.com/mandreyel/mio.git) registered for path 'deps/mmmultimap/deps/mio'
Submodule 'deps/paryfor' (https://github.com/ekg/paryfor.git) registered for path 'deps/mmmultimap/deps/paryfor'
Submodule 'deps/sdsl-lite' (https://github.com/vgteam/sdsl-lite.git) registered for path 'deps/mmmultimap/deps/sdsl-lite'
Cloning into '/Users/kazumichi/Downloads/BioHack26/PGGB_short_reads_mapping/software/vg/deps/mmmultimap/deps/DYNAMIC'...
Cloning into '/Users/kazumichi/Downloads/BioHack26/PGGB_short_reads_mapping/software/vg/deps/mmmultimap/deps/args'...
Cloning into '/Users/kazumichi/Downloads/BioHack26/PGGB_short_reads_mapping/software/vg/deps/mmmultimap/deps/atomic_queue'...
Cloning into '/Users/kazumichi/Downloads/BioHack26/PGGB_short_reads_mapping/software/vg/deps/mmmultimap/deps/hopscotch-map'...
Cloning into '/Users/kazumichi/Downloads/BioHack26/PGGB_short_reads_mapping/software/vg/deps/mmmultimap/deps/ips4o'...
Cloning into '/Users/kazumichi/Downloads/BioHack26/PGGB_short_reads_mapping/software/vg/deps/mmmultimap/deps/mio'...
Cloning into '/Users/kazumichi/Downloads/BioHack26/PGGB_short_reads_mapping/software/vg/deps/mmmultimap/deps/paryfor'...
Cloning into '/Users/kazumichi/Downloads/BioHack26/PGGB_short_reads_mapping/software/vg/deps/mmmultimap/deps/sdsl-lite'...
Submodule path 'deps/mmmultimap/deps/DYNAMIC': checked out '73a6b10ecb94ee178fa873797aacf81e0bfdc7db'
Submodule path 'deps/mmmultimap/deps/args': checked out 'de4db870058c37b6094bc5ccb03c9ea45708c855'
Submodule path 'deps/mmmultimap/deps/atomic_queue': checked out 'd9d66b6d20d74042da481ed5504fa81c0d79c8ae'
Submodule path 'deps/mmmultimap/deps/hopscotch-map': checked out '848374746a50b3ebebe656611d554cb134e9aeef'
Submodule path 'deps/mmmultimap/deps/ips4o': checked out 'cf269199fb1ed91751dbdba032339992decf220d'
Submodule 'extern/cmake-modules' (https://github.com/ips4o/legacy-modules.git) registered for path 'deps/mmmultimap/deps/ips4o/extern/cmake-modules'
Cloning into '/Users/kazumichi/Downloads/BioHack26/PGGB_short_reads_mapping/software/vg/deps/mmmultimap/deps/ips4o/extern/cmake-modules'...
Submodule path 'deps/mmmultimap/deps/ips4o/extern/cmake-modules': checked out '7871939afc4c5ad2902d2b449d92b4295fee83f9'
Submodule path 'deps/mmmultimap/deps/mio': checked out '3f86a95c0784d73ce6815237ec33ed25f233b643'
Submodule path 'deps/mmmultimap/deps/paryfor': checked out '509b28a092f732a068e2908bb9e359a8562cd32f'
Submodule path 'deps/mmmultimap/deps/sdsl-lite': checked out '2039a78b42dc3c981a5087f433e26c0ac116267f'
Submodule 'external/googletest' (https://github.com/google/googletest.git) registered for path 'deps/mmmultimap/deps/sdsl-lite/external/googletest'
Submodule 'external/libdivsufsort' (https://github.com/simongog/libdivsufsort.git) registered for path 'deps/mmmultimap/deps/sdsl-lite/external/libdivsufsort'
Cloning into '/Users/kazumichi/Downloads/BioHack26/PGGB_short_reads_mapping/software/vg/deps/mmmultimap/deps/sdsl-lite/external/googletest'...
Cloning into '/Users/kazumichi/Downloads/BioHack26/PGGB_short_reads_mapping/software/vg/deps/mmmultimap/deps/sdsl-lite/external/libdivsufsort'...
Submodule path 'deps/mmmultimap/deps/sdsl-lite/external/googletest': checked out 'c2d90bddc6a2a562ee7750c14351e9ca16a6a37a'
Submodule path 'deps/mmmultimap/deps/sdsl-lite/external/libdivsufsort': checked out '0f24acd8de208464769c782119dacf158647f7ed'
Submodule path 'deps/pinchesAndCacti': checked out '52df64cc1e2ad2633cc9192381c5a8c9021e772a'
Submodule path 'deps/pixman': checked out '14735ced17e0053abbb925f9cf18c05ed9f52378'
Submodule path 'deps/progress_bar': checked out 'e20ae5296b278bb6afb287a2e078a33c88f1c528'
Submodule path 'deps/raptor': checked out '17fe084ee96def426beb62bac9c6fb4d8f741c92'
Submodule path 'deps/sdsl-lite': checked out '993857a820887787ddaf0ab678eca2d3ab30b741'
Submodule 'external/googletest' (https://github.com/google/googletest.git) registered for path 'deps/sdsl-lite/external/googletest'
Submodule 'external/libdivsufsort' (https://github.com/simongog/libdivsufsort.git) registered for path 'deps/sdsl-lite/external/libdivsufsort'
Cloning into '/Users/kazumichi/Downloads/BioHack26/PGGB_short_reads_mapping/software/vg/deps/sdsl-lite/external/googletest'...
Cloning into '/Users/kazumichi/Downloads/BioHack26/PGGB_short_reads_mapping/software/vg/deps/sdsl-lite/external/libdivsufsort'...
Submodule path 'deps/sdsl-lite/external/googletest': checked out '71815bbf7de6e10c11821d654a2fae2cf42de0f7'
Submodule path 'deps/sdsl-lite/external/libdivsufsort': checked out '0f24acd8de208464769c782119dacf158647f7ed'
Submodule path 'deps/sha1': checked out '011accb73af23c2703bd6801cd4285728c264d94'
Submodule path 'deps/sonLib': checked out '63b0301bce3861f247684c804fd204c452b8faf2'
Submodule path 'deps/sparsehash': checked out '1dffea3d917445d70d33d0c7492919fc4408fe5c'
Submodule path 'deps/sparsepp': checked out '0d0b7a40e1284ae9e1afcfad7d08d6ea11b8c0f7'
Submodule path 'deps/ssw': checked out 'f53d459841b632ac6ab0e59e1a0ef6d056034631'
Submodule 'src/simde' (https://github.com/nemequ/simde-no-tests) registered for path 'deps/ssw/src/simde'
Cloning into '/Users/kazumichi/Downloads/BioHack26/PGGB_short_reads_mapping/software/vg/deps/ssw/src/simde'...
Submodule path 'deps/ssw/src/simde': checked out '2931676b5fc30ab3f782759c75f534a36cd2fad4'
Submodule path 'deps/structures': checked out 'd283203c3b7021dc83352318429be5aad1995510'
Submodule path 'deps/sublinear-Li-Stephens': checked out 'ef54e081faebb3fef7ff54cf5d4f8068836951f7'
Submodule 'htslib' (https://github.com/samtools/htslib.git) registered for path 'deps/sublinear-Li-Stephens/deps/htslib'
Cloning into '/Users/kazumichi/Downloads/BioHack26/PGGB_short_reads_mapping/software/vg/deps/sublinear-Li-Stephens/deps/htslib'...
Submodule path 'deps/sublinear-Li-Stephens/deps/htslib': checked out '6d2bfb7031c3237507815a72e917f1f20bff1288'
Submodule path 'deps/tabixpp': checked out 'ae5cdf846af85bd1d0e310c05e5c67b037f51a25'
Submodule 'htslib' (https://github.com/samtools/htslib.git) registered for path 'deps/tabixpp/htslib'
Cloning into '/Users/kazumichi/Downloads/BioHack26/PGGB_short_reads_mapping/software/vg/deps/tabixpp/htslib'...
Submodule path 'deps/tabixpp/htslib': checked out '53f980829d3c906ff1d0506212a3e2c8c83b2cb3'
Submodule 'htscodecs' (https://github.com/samtools/htscodecs.git) registered for path 'deps/tabixpp/htslib/htscodecs'
Cloning into '/Users/kazumichi/Downloads/BioHack26/PGGB_short_reads_mapping/software/vg/deps/tabixpp/htslib/htscodecs'...
Submodule path 'deps/tabixpp/htslib/htscodecs': checked out '3ef17f6fb5b8b6b0ad2d4c1c562165664f0703f8'
Submodule path 'deps/vcflib': checked out '874b77e6c0986bfb4e184683914975fc06fd7103'
Submodule 'contrib/WFA2-lib' (https://github.com/pjotrp/WFA2-lib) registered for path 'deps/vcflib/contrib/WFA2-lib'
Submodule 'fastahack' (https://github.com/vgteam/fastahack.git) registered for path 'deps/vcflib/contrib/fastahack'
Submodule 'filevercmp' (https://github.com/ekg/filevercmp.git) registered for path 'deps/vcflib/contrib/filevercmp'
Submodule 'fsom' (https://github.com/ekg/fsom.git) registered for path 'deps/vcflib/contrib/fsom'
Submodule 'intervaltree' (https://github.com/ekg/intervaltree.git) registered for path 'deps/vcflib/contrib/intervaltree'
Submodule 'libVCFH' (https://github.com/edawson/libVCFH.git) registered for path 'deps/vcflib/contrib/libVCFH'
Submodule 'multichoose' (https://github.com/vcflib/multichoose.git) registered for path 'deps/vcflib/contrib/multichoose'
Submodule 'smithwaterman' (https://github.com/ekg/smithwaterman.git) registered for path 'deps/vcflib/contrib/smithwaterman'
Submodule 'contrib/tabixpp' (https://github.com/vcflib/tabixpp.git) registered for path 'deps/vcflib/contrib/tabixpp'
Submodule 'src/simde' (https://github.com/simd-everywhere/simde-no-tests.git) registered for path 'deps/vcflib/src/simde'
Cloning into '/Users/kazumichi/Downloads/BioHack26/PGGB_short_reads_mapping/software/vg/deps/vcflib/contrib/WFA2-lib'...
Cloning into '/Users/kazumichi/Downloads/BioHack26/PGGB_short_reads_mapping/software/vg/deps/vcflib/contrib/fastahack'...
Cloning into '/Users/kazumichi/Downloads/BioHack26/PGGB_short_reads_mapping/software/vg/deps/vcflib/contrib/filevercmp'...
Cloning into '/Users/kazumichi/Downloads/BioHack26/PGGB_short_reads_mapping/software/vg/deps/vcflib/contrib/fsom'...
Cloning into '/Users/kazumichi/Downloads/BioHack26/PGGB_short_reads_mapping/software/vg/deps/vcflib/contrib/intervaltree'...
Cloning into '/Users/kazumichi/Downloads/BioHack26/PGGB_short_reads_mapping/software/vg/deps/vcflib/contrib/libVCFH'...
Cloning into '/Users/kazumichi/Downloads/BioHack26/PGGB_short_reads_mapping/software/vg/deps/vcflib/contrib/multichoose'...
Cloning into '/Users/kazumichi/Downloads/BioHack26/PGGB_short_reads_mapping/software/vg/deps/vcflib/contrib/smithwaterman'...
Cloning into '/Users/kazumichi/Downloads/BioHack26/PGGB_short_reads_mapping/software/vg/deps/vcflib/contrib/tabixpp'...
Cloning into '/Users/kazumichi/Downloads/BioHack26/PGGB_short_reads_mapping/software/vg/deps/vcflib/src/simde'...
Submodule path 'deps/vcflib/contrib/WFA2-lib': checked out 'f86a35abf89933605d81df6e67e42edc0aaf7f55'
Submodule path 'deps/vcflib/contrib/fastahack': checked out '524a976f26d2c8bb62dc3a98bf8089cba57f85ec'
Submodule path 'deps/vcflib/contrib/filevercmp': checked out 'df20dcc4a2a772de56e804e8fbbcdef1ac068bbe'
Submodule path 'deps/vcflib/contrib/fsom': checked out '56695e1611d824cda97f08e932d25d08419170cd'
Submodule path 'deps/vcflib/contrib/intervaltree': checked out 'aa5937755000f1cd007402d03b6f7ce4427c5d21'
Submodule path 'deps/vcflib/contrib/libVCFH': checked out '44b6580639a216a484fd96de75a839091f25768a'
Submodule path 'deps/vcflib/contrib/multichoose': checked out '255192edd49cfe36557f7f4f0d2d6ee1c702ffbb'
Submodule path 'deps/vcflib/contrib/smithwaterman': checked out '2610e259611ae4cde8f03c72499d28f03f6d38a7'
Submodule path 'deps/vcflib/contrib/tabixpp': checked out '0f551948d6a6dd10f710161c812614948a36e9ef'
Submodule 'htslib' (https://github.com/samtools/htslib.git) registered for path 'deps/vcflib/contrib/tabixpp/htslib'
Cloning into '/Users/kazumichi/Downloads/BioHack26/PGGB_short_reads_mapping/software/vg/deps/vcflib/contrib/tabixpp/htslib'...
Submodule path 'deps/vcflib/contrib/tabixpp/htslib': checked out '53f980829d3c906ff1d0506212a3e2c8c83b2cb3'
Submodule 'htscodecs' (https://github.com/samtools/htscodecs.git) registered for path 'deps/vcflib/contrib/tabixpp/htslib/htscodecs'
Cloning into '/Users/kazumichi/Downloads/BioHack26/PGGB_short_reads_mapping/software/vg/deps/vcflib/contrib/tabixpp/htslib/htscodecs'...
Submodule path 'deps/vcflib/contrib/tabixpp/htslib/htscodecs': checked out '3ef17f6fb5b8b6b0ad2d4c1c562165664f0703f8'
Submodule path 'deps/vcflib/src/simde': checked out '099e7116c8465043afed2b7caad63cefc4dd2657'
Submodule path 'deps/xg': checked out 'b306222cbe4bc14321c90a390e2f26ac69ab1cb8'
Submodule 'deps/BBHash' (https://github.com/vgteam/BBHash.git) registered for path 'deps/xg/deps/BBHash'
Submodule 'deps/args' (https://github.com/Taywee/args.git) registered for path 'deps/xg/deps/args'
Submodule 'deps/atomic_queue' (https://github.com/max0x7ba/atomic_queue.git) registered for path 'deps/xg/deps/atomic_queue'
Submodule 'deps/gfakluge' (https://github.com/vgteam/gfakluge.git) registered for path 'deps/xg/deps/gfakluge'
Submodule 'deps/ips4o' (https://github.com/SaschaWitt/ips4o.git) registered for path 'deps/xg/deps/ips4o'
Submodule 'deps/libhandlegraph' (https://github.com/vgteam/libhandlegraph.git) registered for path 'deps/xg/deps/libhandlegraph'
Submodule 'deps/mmmulti' (https://github.com/ekg/mmmulti) registered for path 'deps/xg/deps/mmmulti'
Submodule 'deps/sdsl-lite' (https://github.com/vgteam/sdsl-lite.git) registered for path 'deps/xg/deps/sdsl-lite'
Cloning into '/Users/kazumichi/Downloads/BioHack26/PGGB_short_reads_mapping/software/vg/deps/xg/deps/BBHash'...
Cloning into '/Users/kazumichi/Downloads/BioHack26/PGGB_short_reads_mapping/software/vg/deps/xg/deps/args'...
Cloning into '/Users/kazumichi/Downloads/BioHack26/PGGB_short_reads_mapping/software/vg/deps/xg/deps/atomic_queue'...
Cloning into '/Users/kazumichi/Downloads/BioHack26/PGGB_short_reads_mapping/software/vg/deps/xg/deps/gfakluge'...
Cloning into '/Users/kazumichi/Downloads/BioHack26/PGGB_short_reads_mapping/software/vg/deps/xg/deps/ips4o'...
Cloning into '/Users/kazumichi/Downloads/BioHack26/PGGB_short_reads_mapping/software/vg/deps/xg/deps/libhandlegraph'...
Cloning into '/Users/kazumichi/Downloads/BioHack26/PGGB_short_reads_mapping/software/vg/deps/xg/deps/mmmulti'...
Cloning into '/Users/kazumichi/Downloads/BioHack26/PGGB_short_reads_mapping/software/vg/deps/xg/deps/sdsl-lite'...
Submodule path 'deps/xg/deps/BBHash': checked out '36e4fe3eaeef762c831c49cdc01f1a3a2c7a97a4'
Submodule path 'deps/xg/deps/args': checked out '78e27faf75ff7d20f232f11ffcef65cde43c449d'
Submodule path 'deps/xg/deps/atomic_queue': checked out 'd9d66b6d20d74042da481ed5504fa81c0d79c8ae'
Submodule path 'deps/xg/deps/gfakluge': checked out 'a18e71be36653357df9e7fe6a9ac185153ed1cd5'
Submodule 'GFA-spec' (https://github.com/GFA-spec/GFA-spec) registered for path 'deps/xg/deps/gfakluge/GFA-spec'
Submodule 'bash-tap' (https://github.com/illusori/bash-tap.git) registered for path 'deps/xg/deps/gfakluge/bash-tap'
Cloning into '/Users/kazumichi/Downloads/BioHack26/PGGB_short_reads_mapping/software/vg/deps/xg/deps/gfakluge/GFA-spec'...
Cloning into '/Users/kazumichi/Downloads/BioHack26/PGGB_short_reads_mapping/software/vg/deps/xg/deps/gfakluge/bash-tap'...
Submodule path 'deps/xg/deps/gfakluge/GFA-spec': checked out '4b216c79c91702a96f94c2def6f056fbe496dcbf'
Submodule path 'deps/xg/deps/gfakluge/bash-tap': checked out 'd7db4e882a5bc8b141333a81f9fc640ec0784661'
Submodule path 'deps/xg/deps/ips4o': checked out '840c0d80cb9c8b5e805f9d5693104bcda3ea5e31'
Submodule path 'deps/xg/deps/libhandlegraph': checked out 'ec2da41d955e30366b6366b8760fd8646e2c0000'
Submodule path 'deps/xg/deps/mmmulti': checked out 'd8fb6c995d3d9dc5e5844c5f72d1e7d32163fd0a'
Submodule 'deps/DYNAMIC' (https://github.com/vgteam/DYNAMIC.git) registered for path 'deps/xg/deps/mmmulti/deps/DYNAMIC'
Submodule 'deps/args' (https://github.com/Taywee/args.git) registered for path 'deps/xg/deps/mmmulti/deps/args'
Submodule 'deps/atomic_queue' (https://github.com/max0x7ba/atomic_queue.git) registered for path 'deps/xg/deps/mmmulti/deps/atomic_queue'
Submodule 'deps/hopscotch-map' (https://github.com/Tessil/hopscotch-map.git) registered for path 'deps/xg/deps/mmmulti/deps/hopscotch-map'
Submodule 'deps/ips4o' (https://github.com/ips4o/ips4o.git) registered for path 'deps/xg/deps/mmmulti/deps/ips4o'
Submodule 'deps/mio' (https://github.com/mandreyel/mio.git) registered for path 'deps/xg/deps/mmmulti/deps/mio'
Submodule 'deps/paryfor' (https://github.com/ekg/paryfor.git) registered for path 'deps/xg/deps/mmmulti/deps/paryfor'
Submodule 'deps/sdsl-lite' (https://github.com/vgteam/sdsl-lite.git) registered for path 'deps/xg/deps/mmmulti/deps/sdsl-lite'
Cloning into '/Users/kazumichi/Downloads/BioHack26/PGGB_short_reads_mapping/software/vg/deps/xg/deps/mmmulti/deps/DYNAMIC'...
Cloning into '/Users/kazumichi/Downloads/BioHack26/PGGB_short_reads_mapping/software/vg/deps/xg/deps/mmmulti/deps/args'...
Cloning into '/Users/kazumichi/Downloads/BioHack26/PGGB_short_reads_mapping/software/vg/deps/xg/deps/mmmulti/deps/atomic_queue'...
Cloning into '/Users/kazumichi/Downloads/BioHack26/PGGB_short_reads_mapping/software/vg/deps/xg/deps/mmmulti/deps/hopscotch-map'...
Cloning into '/Users/kazumichi/Downloads/BioHack26/PGGB_short_reads_mapping/software/vg/deps/xg/deps/mmmulti/deps/ips4o'...
Cloning into '/Users/kazumichi/Downloads/BioHack26/PGGB_short_reads_mapping/software/vg/deps/xg/deps/mmmulti/deps/mio'...
Cloning into '/Users/kazumichi/Downloads/BioHack26/PGGB_short_reads_mapping/software/vg/deps/xg/deps/mmmulti/deps/paryfor'...
Cloning into '/Users/kazumichi/Downloads/BioHack26/PGGB_short_reads_mapping/software/vg/deps/xg/deps/mmmulti/deps/sdsl-lite'...
Submodule path 'deps/xg/deps/mmmulti/deps/DYNAMIC': checked out '73a6b10ecb94ee178fa873797aacf81e0bfdc7db'
Submodule path 'deps/xg/deps/mmmulti/deps/args': checked out 'de4db870058c37b6094bc5ccb03c9ea45708c855'
Submodule path 'deps/xg/deps/mmmulti/deps/atomic_queue': checked out 'd9d66b6d20d74042da481ed5504fa81c0d79c8ae'
Submodule path 'deps/xg/deps/mmmulti/deps/hopscotch-map': checked out '848374746a50b3ebebe656611d554cb134e9aeef'
Submodule path 'deps/xg/deps/mmmulti/deps/ips4o': checked out 'cf269199fb1ed91751dbdba032339992decf220d'
Submodule 'extern/cmake-modules' (https://github.com/ips4o/legacy-modules.git) registered for path 'deps/xg/deps/mmmulti/deps/ips4o/extern/cmake-modules'
Cloning into '/Users/kazumichi/Downloads/BioHack26/PGGB_short_reads_mapping/software/vg/deps/xg/deps/mmmulti/deps/ips4o/extern/cmake-modules'...
Submodule path 'deps/xg/deps/mmmulti/deps/ips4o/extern/cmake-modules': checked out '7871939afc4c5ad2902d2b449d92b4295fee83f9'
Submodule path 'deps/xg/deps/mmmulti/deps/mio': checked out '3f86a95c0784d73ce6815237ec33ed25f233b643'
Submodule path 'deps/xg/deps/mmmulti/deps/paryfor': checked out '509b28a092f732a068e2908bb9e359a8562cd32f'
Submodule path 'deps/xg/deps/mmmulti/deps/sdsl-lite': checked out '2039a78b42dc3c981a5087f433e26c0ac116267f'
Submodule 'external/googletest' (https://github.com/google/googletest.git) registered for path 'deps/xg/deps/mmmulti/deps/sdsl-lite/external/googletest'
Submodule 'external/libdivsufsort' (https://github.com/simongog/libdivsufsort.git) registered for path 'deps/xg/deps/mmmulti/deps/sdsl-lite/external/libdivsufsort'
Cloning into '/Users/kazumichi/Downloads/BioHack26/PGGB_short_reads_mapping/software/vg/deps/xg/deps/mmmulti/deps/sdsl-lite/external/googletest'...
Cloning into '/Users/kazumichi/Downloads/BioHack26/PGGB_short_reads_mapping/software/vg/deps/xg/deps/mmmulti/deps/sdsl-lite/external/libdivsufsort'...
Submodule path 'deps/xg/deps/mmmulti/deps/sdsl-lite/external/googletest': checked out 'c2d90bddc6a2a562ee7750c14351e9ca16a6a37a'
Submodule path 'deps/xg/deps/mmmulti/deps/sdsl-lite/external/libdivsufsort': checked out '0f24acd8de208464769c782119dacf158647f7ed'
Submodule path 'deps/xg/deps/sdsl-lite': checked out '2039a78b42dc3c981a5087f433e26c0ac116267f'
Submodule 'external/googletest' (https://github.com/google/googletest.git) registered for path 'deps/xg/deps/sdsl-lite/external/googletest'
Submodule 'external/libdivsufsort' (https://github.com/simongog/libdivsufsort.git) registered for path 'deps/xg/deps/sdsl-lite/external/libdivsufsort'
Cloning into '/Users/kazumichi/Downloads/BioHack26/PGGB_short_reads_mapping/software/vg/deps/xg/deps/sdsl-lite/external/googletest'...
Cloning into '/Users/kazumichi/Downloads/BioHack26/PGGB_short_reads_mapping/software/vg/deps/xg/deps/sdsl-lite/external/libdivsufsort'...
Submodule path 'deps/xg/deps/sdsl-lite/external/googletest': checked out 'c2d90bddc6a2a562ee7750c14351e9ca16a6a37a'
Submodule path 'deps/xg/deps/sdsl-lite/external/libdivsufsort': checked out '0f24acd8de208464769c782119dacf158647f7ed'
Submodule path 'doc/wiki': checked out 'c157a1ba7ad500aca143f8bdf393c02ad5dd2a03'
Submodule path 'src/simde': checked out '8cd136a43bae7ab9b82316179b9cef8887726778'
